// Jest Snapshot v1, https://goo.gl/fbAQLP

exports[`渲染 ti-sticky 基本用法 1`] = `
<ti-sticky>
  <mock:shadow-root>
    <div class="titian-sticky">
      <div>
        <slot></slot>
      </div>
    </div>
  </mock:shadow-root>
  <div>
    吸顶元素
  </div>
</ti-sticky>
`;
